// Jest Snapshot v1, https://goo.gl/fbAQLP

exports[`'About page should render correctly 1`] = `"<nav class=\\"sc-bdVaJa hioVum\\"><a href=\\"/\\">Home</a><a href=\\"/about\\">About</a></nav><main><h1>About</h1>About Content</main><footer><div>Copyright 2018</div></footer>"`;
