// Jest Snapshot v1, https://goo.gl/fbAQLP

exports[`Index page should render correctly 1`] = `"<nav class=\\"sc-bdVaJa hioVum\\"><a href=\\"/\\">Home</a><a href=\\"/about\\">About</a></nav><h1>Index</h1>Index Content<footer><div>Copyright 2017</div></footer>"`;
